//
//  FMDBStoreGenerator
//
//  Copyright (c) 2012 Kouji Ishii
//
//  This software is released under the MIT License.
//
//  http://opensource.org/licenses/mit-license.php
//

#import <Foundation/Foundation.h>

@interface INTTableNameEntity : NSObject

@property(nonatomic) NSInteger tableNameId;
@property(nonatomic) NSInteger id2;
@property(strong,nonatomic) NSNumber* id3;

@end
