//
//  FMDBStoreGenerator
//
//  Copyright (c) 2012 Kouji Ishii
//
//  This software is released under the MIT License.
//
//  http://opensource.org/licenses/mit-license.php
//

#import <Foundation/Foundation.h>
#import "FLGTableNameEntity.h"
#import "FLGRepositoryFmdbBase.h"

@interface FLGTableNameRepository : FLGRepositoryFmdbBase

@end
